#
# There is insufficient memory for the Java Runtime Environment to continue.
# Native memory allocation (mmap) failed to map 268435456 bytes. Error detail: G1 virtual space
# Possible reasons:
#   The system is out of physical RAM or swap space
#   This process is running with CompressedOops enabled, and the Java Heap may be blocking the growth of the native heap
# Possible solutions:
#   Reduce memory load on the system
#   Increase physical memory or swap space
#   Check if swap backing store is full
#   Decrease Java heap size (-Xmx/-Xms)
#   Decrease number of Java threads
#   Decrease Java thread stack sizes (-Xss)
#   Set larger code cache with -XX:ReservedCodeCacheSize=
#   JVM is running with Zero Based Compressed Oops mode in which the Java heap is
#     placed in the first 32GB address space. The Java Heap base address is the
#     maximum limit for the native heap growth. Please use -XX:HeapBaseMinAddress
#     to set the Java Heap base and to place the Java Heap above 32GB virtual address.
# This output file may be truncated or incomplete.
#
#  Out of Memory Error (os_windows.cpp:3554), pid=23188, tid=19484
#
# JRE version:  (25.0+37) (build )
# Java VM: Java HotSpot(TM) 64-Bit Server VM (25+37-LTS-3491, mixed mode, sharing, tiered, compressed oops, compressed class ptrs, g1 gc, windows-amd64)
# No core dump will be written. Minidumps are not enabled by default on client versions of Windows
#

---------------  S U M M A R Y ------------

Command Line: --enable-native-access=ALL-UNNAMED 

Host: Intel(R) Core(TM) i5-9400F CPU @ 2.90GHz, 6 cores, 15G,  Windows 11 , 64 bit Build 26100 (10.0.26100.8521)
Time: Wed Jun  3 23:39:51 2026 Hora est. Pacífico, Sudamérica elapsed time: 0.855476 seconds (0d 0h 0m 0s)

---------------  T H R E A D  ---------------

Current thread (0x00000222a9cb2120):  JavaThread "Unknown thread" [_thread_in_vm, id=19484, stack(0x00000086daa00000,0x00000086dab00000) (1024K)]

Stack: [0x00000086daa00000,0x00000086dab00000]
Native frames: (J=compiled Java code, j=interpreted, Vv=VM code, C=native code)
V  [jvm.dll+0x7a6a39]  (no source info available)
V  [jvm.dll+0x7727ed]  (no source info available)
V  [jvm.dll+0x965f33]  (no source info available)
V  [jvm.dll+0x968531]  (no source info available)
V  [jvm.dll+0x968c33]  (no source info available)
V  [jvm.dll+0x2fc756]  (no source info available)
V  [jvm.dll+0x7a2c65]  (no source info available)
V  [jvm.dll+0x796077]  (no source info available)
V  [jvm.dll+0x3f4698]  (no source info available)
V  [jvm.dll+0x3fc5b6]  (no source info available)
V  [jvm.dll+0x3e8c8e]  (no source info available)
V  [jvm.dll+0x3e8f48]  (no source info available)
V  [jvm.dll+0x3c0045]  (no source info available)
V  [jvm.dll+0x3c0cce]  (no source info available)
V  [jvm.dll+0x92c647]  (no source info available)
V  [jvm.dll+0x458b62]  (no source info available)
V  [jvm.dll+0x90fff2]  (no source info available)
V  [jvm.dll+0x4f9001]  (no source info available)
V  [jvm.dll+0x4fa891]  (no source info available)
C  [jli.dll+0x543e]  (no source info available)
C  [ucrtbase.dll+0x2cd30]  (no source info available)
C  [KERNEL32.DLL+0x2e957]  (no source info available)
C  [ntdll.dll+0x87c1c]  (no source info available)

Lock stack of current Java thread (top to bottom):


---------------  P R O C E S S  ---------------

Threads class SMR info:
_java_thread_list=0x00007ffb15545308, length=0, elements={
}

Java Threads: ( => current thread )
Total: 0

Other Threads:
  0x00000222ac027150 WorkerThread "GC Thread#0"                     [id=8280, stack(0x00000086dab00000,0x00000086dac00000) (1024K)]
  0x00000222ac03e4c0 ConcurrentGCThread "G1 Main Marker"            [id=272, stack(0x00000086dac00000,0x00000086dad00000) (1024K)]
  0x00000222c8963470 WorkerThread "G1 Conc#0"                       [id=21468, stack(0x00000086dad00000,0x00000086dae00000) (1024K)]

[error occurred during error reporting (printing all threads), id 0xc0000005, EXCEPTION_ACCESS_VIOLATION (0xc0000005) at pc=0x00007ffb14c24c2a]
VM state: not at safepoint (not fully initialized)

VM Mutex/Monitor currently owned by a thread:  ([mutex/lock_event])
[0x00007ffb155c9628] Heap_lock - owner thread: 0x00000222a9cb2120

Heap address: 0x0000000700c00000, size: 4084 MB, Compressed Oops mode: Zero based, Oop shift amount: 3

CDS archive(s) mapped at: [0x0000000000000000-0x0000000000000000-0x0000000000000000), size 0, SharedBaseAddress: 0x0000000800000000, ArchiveRelocationMode: 1.
UseCompressedClassPointers 1, UseCompactObjectHeaders 0
Narrow klass pointer bits 32, Max shift 3
Narrow klass base: 0xffffffffffffffff, Narrow klass shift: -1
Encoding Range: [0xffffffffffffffff - 0x000000007fffffff), (2147483648 bytes)
Klass Range:    [0x0000000000000000 - 0x0000000000000000), (0 bytes)
Klass ID Range:  [4294967295 - 0) (1)
No protection zone.

GC Precious Log:
 CardTable entry size: 512
 Card Set container configuration: InlinePtr #cards 4 size 8 Array Of Cards #cards 16 size 48 Howl #buckets 8 coarsen threshold 3686 Howl Bitmap #cards 512 size 80 coarsen threshold 460 Card regions per heap region 1 cards per card region 4096

Heap:
 garbage-first heap   total reserved 4182016K, committed 0K, used 0K [0x0000000700c00000, 0x0000000800000000)
  region size 2048K, 0 young (0K), 0 survivors (0K)

Heap Regions: E=young(eden), S=young(survivor), O=old, HS=humongous(starts), HC=humongous(continues), CS=collection set, F=free, TAMS=top-at-mark-start, PB=parsable bottom

Card table byte_map: [0x00000222c4150000,0x00000222c4950000] _byte_map_base: 0x00000222c094a000

Marking Bits: (CMBitMap*) 0x00000222ac0288f0
 Bits: [0x00000222c4950000, 0x00000222c8920000)

GC Heap Usage History (0 events):
No events

Metaspace Usage History (0 events):
No events

Dll operation events (1 events):
Event: 0.009 Loaded shared library C:\Program Files\Java\jdk-25\bin\java.dll

Deoptimization events (0 events):
No events

Classes loaded (0 events):
No events

Classes unloaded (0 events):
No events

Classes redefined (0 events):
No events

Internal exceptions (0 events):
No events

VM Operations (0 events):
No events

Memory protections (0 events):
No events

Nmethod flushes (0 events):
No events

Events (0 events):
No events


Dynamic libraries:
0x00007ff7a4270000 - 0x00007ff7a4280000 	C:\Program Files\Java\jdk-25\bin\java.exe
0x00007ffbd6c20000 - 0x00007ffbd6e86000 	C:\WINDOWS\SYSTEM32\ntdll.dll
0x00007ffbd53e0000 - 0x00007ffbd54a9000 	C:\WINDOWS\System32\KERNEL32.DLL
0x00007ffbd4460000 - 0x00007ffbd485a000 	C:\WINDOWS\System32\KERNELBASE.dll
0x00007ffbd42e0000 - 0x00007ffbd442c000 	C:\WINDOWS\System32\ucrtbase.dll
0x00007ffba3dd0000 - 0x00007ffba3de7000 	C:\Program Files\Java\jdk-25\bin\jli.dll
0x00007ffbce2d0000 - 0x00007ffbce2ee000 	C:\Program Files\Java\jdk-25\bin\VCRUNTIME140.dll
0x00007ffbd5060000 - 0x00007ffbd5227000 	C:\WINDOWS\System32\USER32.dll
0x00007ffbc2280000 - 0x00007ffbc2512000 	C:\WINDOWS\WinSxS\amd64_microsoft.windows.common-controls_6595b64144ccf1df_6.0.26100.8521_none_3e08b75ce33403b3\COMCTL32.dll
0x00007ffbd4430000 - 0x00007ffbd4457000 	C:\WINDOWS\System32\win32u.dll
0x00007ffbd4fb0000 - 0x00007ffbd5059000 	C:\WINDOWS\System32\msvcrt.dll
0x00007ffbd4d50000 - 0x00007ffbd4d7b000 	C:\WINDOWS\System32\GDI32.dll
0x00007ffbd4860000 - 0x00007ffbd498b000 	C:\WINDOWS\System32\gdi32full.dll
0x00007ffbd4230000 - 0x00007ffbd42d3000 	C:\WINDOWS\System32\msvcp_win.dll
0x00007ffbd53a0000 - 0x00007ffbd53d2000 	C:\WINDOWS\System32\IMM32.DLL
0x00007ffbd0dd0000 - 0x00007ffbd0ddc000 	C:\Program Files\Java\jdk-25\bin\vcruntime140_1.dll
0x00007ffb96180000 - 0x00007ffb9620d000 	C:\Program Files\Java\jdk-25\bin\msvcp140.dll
0x00007ffb14850000 - 0x00007ffb156af000 	C:\Program Files\Java\jdk-25\bin\server\jvm.dll
0x00007ffbd4eb0000 - 0x00007ffbd4f66000 	C:\WINDOWS\System32\ADVAPI32.dll
0x00007ffbd4ca0000 - 0x00007ffbd4d4a000 	C:\WINDOWS\System32\sechost.dll
0x00007ffbd4b80000 - 0x00007ffbd4c98000 	C:\WINDOWS\System32\RPCRT4.dll
0x00007ffbd5310000 - 0x00007ffbd5390000 	C:\WINDOWS\System32\WS2_32.dll
0x00007ffbd3d10000 - 0x00007ffbd3d6e000 	C:\WINDOWS\SYSTEM32\POWRPROF.dll
0x00007ffbcbe30000 - 0x00007ffbcbe66000 	C:\WINDOWS\SYSTEM32\WINMM.dll
0x00007ffbcc290000 - 0x00007ffbcc29b000 	C:\WINDOWS\SYSTEM32\VERSION.dll
0x00007ffbd3cf0000 - 0x00007ffbd3d04000 	C:\WINDOWS\SYSTEM32\UMPDC.dll
0x00007ffbd2c40000 - 0x00007ffbd2c5b000 	C:\WINDOWS\SYSTEM32\kernel.appcore.dll
0x00007ffbcfb50000 - 0x00007ffbcfb5a000 	C:\Program Files\Java\jdk-25\bin\jimage.dll
0x00007ffbc2940000 - 0x00007ffbc2b82000 	C:\WINDOWS\SYSTEM32\DBGHELP.DLL
0x00007ffbd6800000 - 0x00007ffbd6b83000 	C:\WINDOWS\System32\combase.dll
0x00007ffbd5230000 - 0x00007ffbd5309000 	C:\WINDOWS\System32\OLEAUT32.dll
0x00007ffbbe440000 - 0x00007ffbbe47b000 	C:\WINDOWS\SYSTEM32\dbgcore.DLL
0x00007ffbd40f0000 - 0x00007ffbd4198000 	C:\WINDOWS\System32\bcryptPrimitives.dll
0x00007ffbb1660000 - 0x00007ffbb167f000 	C:\Program Files\Java\jdk-25\bin\java.dll
0x00007ffbd5d60000 - 0x00007ffbd5ef8000 	C:\WINDOWS\System32\ole32.dll
0x00007ffbd5ff0000 - 0x00007ffbd6774000 	C:\WINDOWS\System32\SHELL32.dll

JVMTI agents: none

dbghelp: loaded successfully - version: 4.0.5 - missing functions: none
symbol engine: initialized successfully - sym options: 0x614 - pdb path: .;C:\Program Files\Java\jdk-25\bin;C:\WINDOWS\SYSTEM32;C:\WINDOWS\WinSxS\amd64_microsoft.windows.common-controls_6595b64144ccf1df_6.0.26100.8521_none_3e08b75ce33403b3;C:\Program Files\Java\jdk-25\bin\server

VM Arguments:
jvm_args: --enable-native-access=ALL-UNNAMED 
java_command: <unknown>
java_class_path (initial): <not set>
Launcher Type: SUN_STANDARD

[Global flags]
     intx CICompilerCount                          = 3                                         {product} {ergonomic}
     uint ConcGCThreads                            = 2                                         {product} {ergonomic}
     uint G1ConcRefinementThreads                  = 6                                         {product} {ergonomic}
   size_t G1HeapRegionSize                         = 2097152                                   {product} {ergonomic}
   size_t InitialHeapSize                          = 268435456                                 {product} {ergonomic}
   size_t MarkStackSize                            = 4194304                                   {product} {ergonomic}
   size_t MarkStackSizeMax                         = 536870912                                 {product} {ergonomic}
   size_t MaxHeapSize                              = 4282384384                                {product} {ergonomic}
   size_t MinHeapDeltaBytes                        = 2097152                                   {product} {ergonomic}
   size_t MinHeapSize                              = 8388608                                   {product} {ergonomic}
    uintx NonNMethodCodeHeapSize                   = 5832704                                {pd product} {ergonomic}
    uintx NonProfiledCodeHeapSize                  = 122945536                              {pd product} {ergonomic}
    uintx ProfiledCodeHeapSize                     = 122880000                              {pd product} {ergonomic}
    uintx ReservedCodeCacheSize                    = 251658240                              {pd product} {ergonomic}
     bool SegmentedCodeCache                       = true                                      {product} {ergonomic}
   size_t SoftMaxHeapSize                          = 4282384384                             {manageable} {ergonomic}
     bool UseCompressedOops                        = true                           {product lp64_product} {ergonomic}
     bool UseG1GC                                  = true                                      {product} {ergonomic}
     bool UseLargePagesIndividualAllocation        = false                                  {pd product} {ergonomic}

Logging:
Log output configuration:
 #0: stdout all=warning uptime,level,tags foldmultilines=false
 #1: stderr all=off uptime,level,tags foldmultilines=false

Release file:
<release file has not been read>
Environment Variables:
JAVA_HOME=C:\Program Files\Java\jdk-25
PATH=E:\Oracle\DataBase\dbhomeFree\bin;C:\Program Files\Common Files\Oracle\Java\javapath;C:\ProgramData\Oracle\Java\javapath;C:\WINDOWS\system32;C:\WINDOWS;C:\WINDOWS\System32\Wbem;C:\WINDOWS\System32\WindowsPowerShell\v1.0\;C:\WINDOWS\System32\OpenSSH\;C:\Program Files (x86)\NVIDIA Corporation\PhysX\Common;C:\Program Files (x86)\dotnet\;C:\Program Files\dotnet\;C:\Program Files\NVIDIA Corporation\NVIDIA NvDLISR;C:\Program Files (x86)\Microsoft SQL Server\160\Tools\Binn\;C:\Program Files\Microsoft SQL Server\160\Tools\Binn\;C:\Program Files\Microsoft SQL Server\Client SDK\ODBC\170\Tools\Binn\;C:\Program Files\Microsoft SQL Server\160\DTS\Binn\;C:\Program Files\Cloudflare\Cloudflare WARP\;C:\Python27;C:\Cassandra\apache-cassandra-3.11.10;C:\WINDOWS\system32;C:\WINDOWS;C:\WINDOWS\System32\Wbem;C:\WINDOWS\System32\WindowsPowerShell\v1.0\;C:\WINDOWS\System32\OpenSSH\;C:\Program Files\nodejs\;C:\Program Files\Git\cmd;C:\Program Files\Git LFS;C:\Users\USER\AppData\Local\Programs\Python\Launcher\;C:\Users\USER\AppData\Local\Microsoft\WindowsApps;C:\Users\USER\.dotnet\tools;E:\Microsoft VS Code\bin;C:\Users\USER\AppData\Local\GitHubDesktop\bin;C:\Users\USER\AppData\Roaming\npm;C:\Program Files (x86)\maven\apache-maven-3.9.11\bin;C:\Users\USER\AppData\Local\Python\bin
USERNAME=USER
OS=Windows_NT
PROCESSOR_IDENTIFIER=Intel64 Family 6 Model 158 Stepping 10, GenuineIntel
TMP=C:\Users\USER\AppData\Local\Temp
TEMP=C:\Users\USER\AppData\Local\Temp




Compilation memory statistics disabled.

Periodic native trim disabled

---------------  S Y S T E M  ---------------

OS:
 Windows 11 , 64 bit Build 26100 (10.0.26100.8521)
OS uptime: 0 days 8:00 hours

CPU: total 6 (initial active 6) (6 cores per cpu, 1 threads per core) family 6 model 158 stepping 10 microcode 0xde, cx8, cmov, fxsr, mmx, 3dnowpref, sse, sse2, sse3, ssse3, sse4.1, sse4.2, popcnt, lzcnt, tsc, tscinvbit, avx, avx2, aes, erms, clmul, bmi1, bmi2, adx, fma, vzeroupper, clflush, clflushopt, rdtscp, f16c
Processor Information for the first 6 processors :
  Max Mhz: 2904, Current Mhz: 2904, Mhz Limit: 2904

Memory: 4k page, system-wide physical 16329M (4393M free)
TotalPageFile size 18377M (AvailPageFile size 295M)
current process WorkingSet (physical memory assigned to process): 14M, peak: 14M
current process commit charge ("private bytes"): 57M, peak: 313M

vm_info: Java HotSpot(TM) 64-Bit Server VM (25+37-LTS-3491) for windows-amd64 JRE (25+37-LTS-3491), built on 2025-08-14T21:13:00Z with unknown MS VC++:1943

END.
